<html>
<body>
<pre>
<h1>µVision Build Log</h1>
<h2>Tool Versions:</h2>
IDE-Version: µVision V5.38.0.0
Copyright (C) 2022 ARM Ltd and ARM Germany GmbH. All rights reserved.
License Information: à à, à, LIC=----
 
Tool Versions:
Toolchain:       MDK-Lite  Version: 5.38.0.0
Toolchain Path:  C:\Keil_v5\ARM\ARMCLANG\Bin
C Compiler:      ArmClang.exe V6.19
Assembler:       Armasm.exe V6.19
Linker/Locator:  ArmLink.exe V6.19
Library Manager: ArmAr.exe V6.19
Hex Converter:   FromElf.exe V6.19
CPU DLL:         SARMCM3.DLL V5.38.0.0
Dialog DLL:      DCM.DLL V1.17.5.0
Target DLL:      STLink\ST-LINKIII-KEIL_SWO.dll V3.1.0.0
Dialog DLL:      TCM.DLL V1.56.4.0
 
<h2>Project:</h2>
C:\Users\a.faizullin\Desktop\PrimeriVoronezh\blinky\blinky.uvprojx
Project File Date:  11/01/2025

<h2>Output:</h2>
*** Using Compiler 'V6.19', folder: 'C:\Keil_v5\ARM\ARMCLANG\Bin'
Build target 'blinky_K1921VK035'
compiling bsp.c...
linking...
Program Size: Code=1340 RO-data=360 RW-data=0 ZI-data=1640  
".\Objects\blinky.axf" - 0 Error(s), 0 Warning(s).

<h2>Software Packages used:</h2>

Package Vendor: NIIET
                http://www.keil.com/pack/NIIET.K1921VK035_DFP.2.0.5.pack
                NIIET.K1921VK035_DFP.2.0.5
                NIIET K1921VK035 Device Support, Drivers and Examples

<h2>Collection of Component include folders:</h2>
  C:/Users/a.faizullin/AppData/Local/Arm/Packs/NIIET/K1921VK035_DFP/2.0.5/Device/Include

<h2>Collection of Component Files used:</h2>
Build Time Elapsed:  00:00:01
</pre>
</body>
</html>
