<!doctype html public "-//w3c//dtd html 4.0 transitional//en">
<html><head>
<title>Static Call Graph - [.\Objects\blinky.axf]</title></head>
<body><HR>
<H1>Static Call Graph for image .\Objects\blinky.axf</H1><HR>
<BR><P>#&#060CALLGRAPH&#062# ARM Linker, 6190004: Last Updated: Wed Nov  5 15:25:05 2025
<BR><P>
<H3>Maximum Stack Usage =         48 bytes + Unknown(Functions without stacksize, Cycles, Untraceable Function Pointers)</H3><H3>
Call chain for Maximum Stack Depth:</H3>
__rt_entry_main &rArr; main &rArr; SysTick_Config &rArr; __NVIC_SetPriority
<P>
<H3>
Functions with no stack information
</H3><UL>
 <LI><a href="#[52]">__user_initial_stackheap</a>
</UL>
</UL>
<P>
<H3>
Mutually Recursive functions
</H3> <LI><a href="#[1]">NMI_Handler</a>&nbsp;&nbsp;&nbsp;&rArr;&nbsp;&nbsp;&nbsp;<a href="#[1]">NMI_Handler</a><BR>
 <LI><a href="#[2]">HardFault_Handler</a>&nbsp;&nbsp;&nbsp;&rArr;&nbsp;&nbsp;&nbsp;<a href="#[2]">HardFault_Handler</a><BR>
 <LI><a href="#[3]">MemManage_Handler</a>&nbsp;&nbsp;&nbsp;&rArr;&nbsp;&nbsp;&nbsp;<a href="#[3]">MemManage_Handler</a><BR>
 <LI><a href="#[4]">BusFault_Handler</a>&nbsp;&nbsp;&nbsp;&rArr;&nbsp;&nbsp;&nbsp;<a href="#[4]">BusFault_Handler</a><BR>
 <LI><a href="#[5]">UsageFault_Handler</a>&nbsp;&nbsp;&nbsp;&rArr;&nbsp;&nbsp;&nbsp;<a href="#[5]">UsageFault_Handler</a><BR>
 <LI><a href="#[6]">SVC_Handler</a>&nbsp;&nbsp;&nbsp;&rArr;&nbsp;&nbsp;&nbsp;<a href="#[6]">SVC_Handler</a><BR>
 <LI><a href="#[7]">DebugMon_Handler</a>&nbsp;&nbsp;&nbsp;&rArr;&nbsp;&nbsp;&nbsp;<a href="#[7]">DebugMon_Handler</a><BR>
 <LI><a href="#[8]">PendSV_Handler</a>&nbsp;&nbsp;&nbsp;&rArr;&nbsp;&nbsp;&nbsp;<a href="#[8]">PendSV_Handler</a><BR>
 <LI><a href="#[3e]">ADC_DC_IRQHandler</a>&nbsp;&nbsp;&nbsp;&rArr;&nbsp;&nbsp;&nbsp;<a href="#[3e]">ADC_DC_IRQHandler</a><BR>
</UL>
<P>
<H3>
Function Pointers
</H3><UL>
 <LI><a href="#[3e]">ADC_DC_IRQHandler</a> from startup_k1921vk035.o(.text) referenced from startup_k1921vk035.o(RESET)
 <LI><a href="#[3c]">ADC_SEQ0_IRQHandler</a> from startup_k1921vk035.o(.text) referenced from startup_k1921vk035.o(RESET)
 <LI><a href="#[3d]">ADC_SEQ1_IRQHandler</a> from startup_k1921vk035.o(.text) referenced from startup_k1921vk035.o(RESET)
 <LI><a href="#[4]">BusFault_Handler</a> from startup_k1921vk035.o(.text) referenced from startup_k1921vk035.o(RESET)
 <LI><a href="#[3f]">CAN0_IRQHandler</a> from startup_k1921vk035.o(.text) referenced from startup_k1921vk035.o(RESET)
 <LI><a href="#[49]">CAN10_IRQHandler</a> from startup_k1921vk035.o(.text) referenced from startup_k1921vk035.o(RESET)
 <LI><a href="#[4a]">CAN11_IRQHandler</a> from startup_k1921vk035.o(.text) referenced from startup_k1921vk035.o(RESET)
 <LI><a href="#[4b]">CAN12_IRQHandler</a> from startup_k1921vk035.o(.text) referenced from startup_k1921vk035.o(RESET)
 <LI><a href="#[4c]">CAN13_IRQHandler</a> from startup_k1921vk035.o(.text) referenced from startup_k1921vk035.o(RESET)
 <LI><a href="#[4d]">CAN14_IRQHandler</a> from startup_k1921vk035.o(.text) referenced from startup_k1921vk035.o(RESET)
 <LI><a href="#[4e]">CAN15_IRQHandler</a> from startup_k1921vk035.o(.text) referenced from startup_k1921vk035.o(RESET)
 <LI><a href="#[40]">CAN1_IRQHandler</a> from startup_k1921vk035.o(.text) referenced from startup_k1921vk035.o(RESET)
 <LI><a href="#[41]">CAN2_IRQHandler</a> from startup_k1921vk035.o(.text) referenced from startup_k1921vk035.o(RESET)
 <LI><a href="#[42]">CAN3_IRQHandler</a> from startup_k1921vk035.o(.text) referenced from startup_k1921vk035.o(RESET)
 <LI><a href="#[43]">CAN4_IRQHandler</a> from startup_k1921vk035.o(.text) referenced from startup_k1921vk035.o(RESET)
 <LI><a href="#[44]">CAN5_IRQHandler</a> from startup_k1921vk035.o(.text) referenced from startup_k1921vk035.o(RESET)
 <LI><a href="#[45]">CAN6_IRQHandler</a> from startup_k1921vk035.o(.text) referenced from startup_k1921vk035.o(RESET)
 <LI><a href="#[46]">CAN7_IRQHandler</a> from startup_k1921vk035.o(.text) referenced from startup_k1921vk035.o(RESET)
 <LI><a href="#[47]">CAN8_IRQHandler</a> from startup_k1921vk035.o(.text) referenced from startup_k1921vk035.o(RESET)
 <LI><a href="#[48]">CAN9_IRQHandler</a> from startup_k1921vk035.o(.text) referenced from startup_k1921vk035.o(RESET)
 <LI><a href="#[f]">DMA_CH0_IRQHandler</a> from startup_k1921vk035.o(.text) referenced from startup_k1921vk035.o(RESET)
 <LI><a href="#[19]">DMA_CH10_IRQHandler</a> from startup_k1921vk035.o(.text) referenced from startup_k1921vk035.o(RESET)
 <LI><a href="#[1a]">DMA_CH11_IRQHandler</a> from startup_k1921vk035.o(.text) referenced from startup_k1921vk035.o(RESET)
 <LI><a href="#[1b]">DMA_CH12_IRQHandler</a> from startup_k1921vk035.o(.text) referenced from startup_k1921vk035.o(RESET)
 <LI><a href="#[1c]">DMA_CH13_IRQHandler</a> from startup_k1921vk035.o(.text) referenced from startup_k1921vk035.o(RESET)
 <LI><a href="#[1d]">DMA_CH14_IRQHandler</a> from startup_k1921vk035.o(.text) referenced from startup_k1921vk035.o(RESET)
 <LI><a href="#[1e]">DMA_CH15_IRQHandler</a> from startup_k1921vk035.o(.text) referenced from startup_k1921vk035.o(RESET)
 <LI><a href="#[10]">DMA_CH1_IRQHandler</a> from startup_k1921vk035.o(.text) referenced from startup_k1921vk035.o(RESET)
 <LI><a href="#[11]">DMA_CH2_IRQHandler</a> from startup_k1921vk035.o(.text) referenced from startup_k1921vk035.o(RESET)
 <LI><a href="#[12]">DMA_CH3_IRQHandler</a> from startup_k1921vk035.o(.text) referenced from startup_k1921vk035.o(RESET)
 <LI><a href="#[13]">DMA_CH4_IRQHandler</a> from startup_k1921vk035.o(.text) referenced from startup_k1921vk035.o(RESET)
 <LI><a href="#[14]">DMA_CH5_IRQHandler</a> from startup_k1921vk035.o(.text) referenced from startup_k1921vk035.o(RESET)
 <LI><a href="#[15]">DMA_CH6_IRQHandler</a> from startup_k1921vk035.o(.text) referenced from startup_k1921vk035.o(RESET)
 <LI><a href="#[16]">DMA_CH7_IRQHandler</a> from startup_k1921vk035.o(.text) referenced from startup_k1921vk035.o(RESET)
 <LI><a href="#[17]">DMA_CH8_IRQHandler</a> from startup_k1921vk035.o(.text) referenced from startup_k1921vk035.o(RESET)
 <LI><a href="#[18]">DMA_CH9_IRQHandler</a> from startup_k1921vk035.o(.text) referenced from startup_k1921vk035.o(RESET)
 <LI><a href="#[7]">DebugMon_Handler</a> from startup_k1921vk035.o(.text) referenced from startup_k1921vk035.o(RESET)
 <LI><a href="#[2f]">ECAP0_IRQHandler</a> from startup_k1921vk035.o(.text) referenced from startup_k1921vk035.o(RESET)
 <LI><a href="#[30]">ECAP1_IRQHandler</a> from startup_k1921vk035.o(.text) referenced from startup_k1921vk035.o(RESET)
 <LI><a href="#[31]">ECAP2_IRQHandler</a> from startup_k1921vk035.o(.text) referenced from startup_k1921vk035.o(RESET)
 <LI><a href="#[4f]">FPU_IRQHandler</a> from startup_k1921vk035.o(.text) referenced from startup_k1921vk035.o(RESET)
 <LI><a href="#[d]">GPIOA_IRQHandler</a> from main.o(.text.GPIOA_IRQHandler) referenced from startup_k1921vk035.o(RESET)
 <LI><a href="#[e]">GPIOB_IRQHandler</a> from startup_k1921vk035.o(.text) referenced from startup_k1921vk035.o(RESET)
 <LI><a href="#[2]">HardFault_Handler</a> from startup_k1921vk035.o(.text) referenced from startup_k1921vk035.o(RESET)
 <LI><a href="#[2e]">I2C_IRQHandler</a> from startup_k1921vk035.o(.text) referenced from startup_k1921vk035.o(RESET)
 <LI><a href="#[c]">MFLASH_IRQHandler</a> from startup_k1921vk035.o(.text) referenced from startup_k1921vk035.o(RESET)
 <LI><a href="#[3]">MemManage_Handler</a> from startup_k1921vk035.o(.text) referenced from startup_k1921vk035.o(RESET)
 <LI><a href="#[1]">NMI_Handler</a> from startup_k1921vk035.o(.text) referenced from startup_k1921vk035.o(RESET)
 <LI><a href="#[33]">PWM0_HD_IRQHandler</a> from startup_k1921vk035.o(.text) referenced from startup_k1921vk035.o(RESET)
 <LI><a href="#[32]">PWM0_IRQHandler</a> from startup_k1921vk035.o(.text) referenced from startup_k1921vk035.o(RESET)
 <LI><a href="#[34]">PWM0_TZ_IRQHandler</a> from startup_k1921vk035.o(.text) referenced from startup_k1921vk035.o(RESET)
 <LI><a href="#[36]">PWM1_HD_IRQHandler</a> from startup_k1921vk035.o(.text) referenced from startup_k1921vk035.o(RESET)
 <LI><a href="#[35]">PWM1_IRQHandler</a> from startup_k1921vk035.o(.text) referenced from startup_k1921vk035.o(RESET)
 <LI><a href="#[37]">PWM1_TZ_IRQHandler</a> from startup_k1921vk035.o(.text) referenced from startup_k1921vk035.o(RESET)
 <LI><a href="#[39]">PWM2_HD_IRQHandler</a> from startup_k1921vk035.o(.text) referenced from startup_k1921vk035.o(RESET)
 <LI><a href="#[38]">PWM2_IRQHandler</a> from startup_k1921vk035.o(.text) referenced from startup_k1921vk035.o(RESET)
 <LI><a href="#[3a]">PWM2_TZ_IRQHandler</a> from startup_k1921vk035.o(.text) referenced from startup_k1921vk035.o(RESET)
 <LI><a href="#[8]">PendSV_Handler</a> from startup_k1921vk035.o(.text) referenced from startup_k1921vk035.o(RESET)
 <LI><a href="#[3b]">QEP_IRQHandler</a> from startup_k1921vk035.o(.text) referenced from startup_k1921vk035.o(RESET)
 <LI><a href="#[b]">RCU_IRQHandler</a> from startup_k1921vk035.o(.text) referenced from startup_k1921vk035.o(RESET)
 <LI><a href="#[0]">Reset_Handler</a> from startup_k1921vk035.o(.text) referenced from startup_k1921vk035.o(RESET)
 <LI><a href="#[2b]">SPI_IRQHandler</a> from startup_k1921vk035.o(.text) referenced from startup_k1921vk035.o(RESET)
 <LI><a href="#[2c]">SPI_RX_IRQHandler</a> from startup_k1921vk035.o(.text) referenced from startup_k1921vk035.o(RESET)
 <LI><a href="#[2d]">SPI_TX_IRQHandler</a> from startup_k1921vk035.o(.text) referenced from startup_k1921vk035.o(RESET)
 <LI><a href="#[6]">SVC_Handler</a> from startup_k1921vk035.o(.text) referenced from startup_k1921vk035.o(RESET)
 <LI><a href="#[9]">SysTick_Handler</a> from main.o(.text.SysTick_Handler) referenced from startup_k1921vk035.o(RESET)
 <LI><a href="#[50]">SystemInit</a> from system_k1921vk035.o(.text.SystemInit) referenced from startup_k1921vk035.o(.text)
 <LI><a href="#[1f]">TMR0_IRQHandler</a> from startup_k1921vk035.o(.text) referenced from startup_k1921vk035.o(RESET)
 <LI><a href="#[20]">TMR1_IRQHandler</a> from startup_k1921vk035.o(.text) referenced from startup_k1921vk035.o(RESET)
 <LI><a href="#[21]">TMR2_IRQHandler</a> from startup_k1921vk035.o(.text) referenced from startup_k1921vk035.o(RESET)
 <LI><a href="#[22]">TMR3_IRQHandler</a> from startup_k1921vk035.o(.text) referenced from startup_k1921vk035.o(RESET)
 <LI><a href="#[26]">UART0_IRQHandler</a> from startup_k1921vk035.o(.text) referenced from startup_k1921vk035.o(RESET)
 <LI><a href="#[24]">UART0_RX_IRQHandler</a> from startup_k1921vk035.o(.text) referenced from startup_k1921vk035.o(RESET)
 <LI><a href="#[23]">UART0_TD_IRQHandler</a> from startup_k1921vk035.o(.text) referenced from startup_k1921vk035.o(RESET)
 <LI><a href="#[25]">UART0_TX_IRQHandler</a> from startup_k1921vk035.o(.text) referenced from startup_k1921vk035.o(RESET)
 <LI><a href="#[2a]">UART1_IRQHandler</a> from startup_k1921vk035.o(.text) referenced from startup_k1921vk035.o(RESET)
 <LI><a href="#[28]">UART1_RX_IRQHandler</a> from startup_k1921vk035.o(.text) referenced from startup_k1921vk035.o(RESET)
 <LI><a href="#[27]">UART1_TD_IRQHandler</a> from startup_k1921vk035.o(.text) referenced from startup_k1921vk035.o(RESET)
 <LI><a href="#[29]">UART1_TX_IRQHandler</a> from startup_k1921vk035.o(.text) referenced from startup_k1921vk035.o(RESET)
 <LI><a href="#[5]">UsageFault_Handler</a> from startup_k1921vk035.o(.text) referenced from startup_k1921vk035.o(RESET)
 <LI><a href="#[a]">WDT_IRQHandler</a> from startup_k1921vk035.o(.text) referenced from startup_k1921vk035.o(RESET)
 <LI><a href="#[51]">__main</a> from __main.o(!!!main) referenced from startup_k1921vk035.o(.text)
</UL>
<P>
<H3>
Global Symbols
</H3>
<P><STRONG><a name="[51]"></a>__main</STRONG> (Thumb, 8 bytes, Stack size 0 bytes, __main.o(!!!main))
<BR><BR>[Calls]<UL><LI><a href="#[53]">&gt;&gt;</a>&nbsp;&nbsp;&nbsp;__scatterload
<LI><a href="#[54]">&gt;&gt;</a>&nbsp;&nbsp;&nbsp;__rt_entry
</UL>
<BR>[Address Reference Count : 1]<UL><LI> startup_k1921vk035.o(.text)
</UL>
<P><STRONG><a name="[53]"></a>__scatterload</STRONG> (Thumb, 0 bytes, Stack size unknown bytes, __scatter.o(!!!scatter))
<BR><BR>[Called By]<UL><LI><a href="#[51]">&gt;&gt;</a>&nbsp;&nbsp;&nbsp;__main
</UL>

<P><STRONG><a name="[55]"></a>__scatterload_rt2</STRONG> (Thumb, 44 bytes, Stack size unknown bytes, __scatter.o(!!!scatter), UNUSED)
<BR><BR>[Calls]<UL><LI><a href="#[54]">&gt;&gt;</a>&nbsp;&nbsp;&nbsp;__rt_entry
</UL>

<P><STRONG><a name="[6e]"></a>__scatterload_rt2_thumb_only</STRONG> (Thumb, 0 bytes, Stack size unknown bytes, __scatter.o(!!!scatter), UNUSED)

<P><STRONG><a name="[6f]"></a>__scatterload_null</STRONG> (Thumb, 0 bytes, Stack size unknown bytes, __scatter.o(!!!scatter), UNUSED)

<P><STRONG><a name="[70]"></a>__scatterload_zeroinit</STRONG> (Thumb, 28 bytes, Stack size unknown bytes, __scatter_zi.o(!!handler_zi), UNUSED)

<P><STRONG><a name="[5b]"></a>__rt_lib_init</STRONG> (Thumb, 0 bytes, Stack size unknown bytes, libinit.o(.ARM.Collect$$libinit$$00000000))
<BR><BR>[Called By]<UL><LI><a href="#[5a]">&gt;&gt;</a>&nbsp;&nbsp;&nbsp;__rt_entry_li
</UL>

<P><STRONG><a name="[56]"></a>__rt_lib_init_fp_1</STRONG> (Thumb, 0 bytes, Stack size unknown bytes, libinit2.o(.ARM.Collect$$libinit$$00000001))
<BR><BR>[Calls]<UL><LI><a href="#[57]">&gt;&gt;</a>&nbsp;&nbsp;&nbsp;_fp_init
</UL>

<P><STRONG><a name="[71]"></a>__rt_lib_init_alloca_1</STRONG> (Thumb, 0 bytes, Stack size unknown bytes, libinit2.o(.ARM.Collect$$libinit$$00000030))

<P><STRONG><a name="[72]"></a>__rt_lib_init_argv_1</STRONG> (Thumb, 0 bytes, Stack size unknown bytes, libinit2.o(.ARM.Collect$$libinit$$0000002E))

<P><STRONG><a name="[73]"></a>__rt_lib_init_atexit_1</STRONG> (Thumb, 0 bytes, Stack size unknown bytes, libinit2.o(.ARM.Collect$$libinit$$0000001D))

<P><STRONG><a name="[74]"></a>__rt_lib_init_clock_1</STRONG> (Thumb, 0 bytes, Stack size unknown bytes, libinit2.o(.ARM.Collect$$libinit$$00000023))

<P><STRONG><a name="[75]"></a>__rt_lib_init_cpp_1</STRONG> (Thumb, 0 bytes, Stack size unknown bytes, libinit2.o(.ARM.Collect$$libinit$$00000034))

<P><STRONG><a name="[76]"></a>__rt_lib_init_exceptions_1</STRONG> (Thumb, 0 bytes, Stack size unknown bytes, libinit2.o(.ARM.Collect$$libinit$$00000032))

<P><STRONG><a name="[77]"></a>__rt_lib_init_fp_trap_1</STRONG> (Thumb, 0 bytes, Stack size unknown bytes, libinit2.o(.ARM.Collect$$libinit$$00000021))

<P><STRONG><a name="[78]"></a>__rt_lib_init_getenv_1</STRONG> (Thumb, 0 bytes, Stack size unknown bytes, libinit2.o(.ARM.Collect$$libinit$$00000025))

<P><STRONG><a name="[79]"></a>__rt_lib_init_heap_1</STRONG> (Thumb, 0 bytes, Stack size unknown bytes, libinit2.o(.ARM.Collect$$libinit$$0000000C))

<P><STRONG><a name="[7a]"></a>__rt_lib_init_lc_collate_1</STRONG> (Thumb, 0 bytes, Stack size unknown bytes, libinit2.o(.ARM.Collect$$libinit$$00000013))

<P><STRONG><a name="[7b]"></a>__rt_lib_init_lc_ctype_1</STRONG> (Thumb, 0 bytes, Stack size unknown bytes, libinit2.o(.ARM.Collect$$libinit$$00000015))

<P><STRONG><a name="[7c]"></a>__rt_lib_init_lc_monetary_1</STRONG> (Thumb, 0 bytes, Stack size unknown bytes, libinit2.o(.ARM.Collect$$libinit$$00000017))

<P><STRONG><a name="[7d]"></a>__rt_lib_init_lc_numeric_1</STRONG> (Thumb, 0 bytes, Stack size unknown bytes, libinit2.o(.ARM.Collect$$libinit$$00000019))

<P><STRONG><a name="[7e]"></a>__rt_lib_init_lc_time_1</STRONG> (Thumb, 0 bytes, Stack size unknown bytes, libinit2.o(.ARM.Collect$$libinit$$0000001B))

<P><STRONG><a name="[7f]"></a>__rt_lib_init_preinit_1</STRONG> (Thumb, 0 bytes, Stack size unknown bytes, libinit2.o(.ARM.Collect$$libinit$$00000006))

<P><STRONG><a name="[80]"></a>__rt_lib_init_rand_1</STRONG> (Thumb, 0 bytes, Stack size unknown bytes, libinit2.o(.ARM.Collect$$libinit$$00000010))

<P><STRONG><a name="[81]"></a>__rt_lib_init_relocate_pie_1</STRONG> (Thumb, 0 bytes, Stack size unknown bytes, libinit2.o(.ARM.Collect$$libinit$$00000004))

<P><STRONG><a name="[82]"></a>__rt_lib_init_return</STRONG> (Thumb, 0 bytes, Stack size unknown bytes, libinit2.o(.ARM.Collect$$libinit$$00000035))

<P><STRONG><a name="[83]"></a>__rt_lib_init_signal_1</STRONG> (Thumb, 0 bytes, Stack size unknown bytes, libinit2.o(.ARM.Collect$$libinit$$0000001F))

<P><STRONG><a name="[84]"></a>__rt_lib_init_stdio_1</STRONG> (Thumb, 0 bytes, Stack size unknown bytes, libinit2.o(.ARM.Collect$$libinit$$00000027))

<P><STRONG><a name="[85]"></a>__rt_lib_init_user_alloc_1</STRONG> (Thumb, 0 bytes, Stack size unknown bytes, libinit2.o(.ARM.Collect$$libinit$$0000000E))

<P><STRONG><a name="[60]"></a>__rt_lib_shutdown</STRONG> (Thumb, 0 bytes, Stack size unknown bytes, libshutdown.o(.ARM.Collect$$libshutdown$$00000000))
<BR><BR>[Called By]<UL><LI><a href="#[5f]">&gt;&gt;</a>&nbsp;&nbsp;&nbsp;__rt_exit_ls
</UL>

<P><STRONG><a name="[86]"></a>__rt_lib_shutdown_cpp_1</STRONG> (Thumb, 0 bytes, Stack size unknown bytes, libshutdown2.o(.ARM.Collect$$libshutdown$$00000002))

<P><STRONG><a name="[87]"></a>__rt_lib_shutdown_fp_trap_1</STRONG> (Thumb, 0 bytes, Stack size unknown bytes, libshutdown2.o(.ARM.Collect$$libshutdown$$00000007))

<P><STRONG><a name="[88]"></a>__rt_lib_shutdown_heap_1</STRONG> (Thumb, 0 bytes, Stack size unknown bytes, libshutdown2.o(.ARM.Collect$$libshutdown$$0000000F))

<P><STRONG><a name="[89]"></a>__rt_lib_shutdown_return</STRONG> (Thumb, 0 bytes, Stack size unknown bytes, libshutdown2.o(.ARM.Collect$$libshutdown$$00000010))

<P><STRONG><a name="[8a]"></a>__rt_lib_shutdown_signal_1</STRONG> (Thumb, 0 bytes, Stack size unknown bytes, libshutdown2.o(.ARM.Collect$$libshutdown$$0000000A))

<P><STRONG><a name="[8b]"></a>__rt_lib_shutdown_stdio_1</STRONG> (Thumb, 0 bytes, Stack size unknown bytes, libshutdown2.o(.ARM.Collect$$libshutdown$$00000004))

<P><STRONG><a name="[8c]"></a>__rt_lib_shutdown_user_alloc_1</STRONG> (Thumb, 0 bytes, Stack size unknown bytes, libshutdown2.o(.ARM.Collect$$libshutdown$$0000000C))

<P><STRONG><a name="[54]"></a>__rt_entry</STRONG> (Thumb, 0 bytes, Stack size unknown bytes, __rtentry.o(.ARM.Collect$$rtentry$$00000000))
<BR><BR>[Called By]<UL><LI><a href="#[55]">&gt;&gt;</a>&nbsp;&nbsp;&nbsp;__scatterload_rt2
<LI><a href="#[51]">&gt;&gt;</a>&nbsp;&nbsp;&nbsp;__main
</UL>

<P><STRONG><a name="[8d]"></a>__rt_entry_presh_1</STRONG> (Thumb, 0 bytes, Stack size unknown bytes, __rtentry2.o(.ARM.Collect$$rtentry$$00000002))

<P><STRONG><a name="[58]"></a>__rt_entry_sh</STRONG> (Thumb, 0 bytes, Stack size unknown bytes, __rtentry4.o(.ARM.Collect$$rtentry$$00000004))
<BR><BR>[Stack]<UL><LI>Max Depth = 8 + Unknown Stack Size
<LI>Call Chain = __rt_entry_sh &rArr; __user_setup_stackheap
</UL>
<BR>[Calls]<UL><LI><a href="#[59]">&gt;&gt;</a>&nbsp;&nbsp;&nbsp;__user_setup_stackheap
</UL>

<P><STRONG><a name="[5a]"></a>__rt_entry_li</STRONG> (Thumb, 0 bytes, Stack size unknown bytes, __rtentry2.o(.ARM.Collect$$rtentry$$0000000A))
<BR><BR>[Calls]<UL><LI><a href="#[5b]">&gt;&gt;</a>&nbsp;&nbsp;&nbsp;__rt_lib_init
</UL>

<P><STRONG><a name="[8e]"></a>__rt_entry_postsh_1</STRONG> (Thumb, 0 bytes, Stack size unknown bytes, __rtentry2.o(.ARM.Collect$$rtentry$$00000009))

<P><STRONG><a name="[5c]"></a>__rt_entry_main</STRONG> (Thumb, 0 bytes, Stack size unknown bytes, __rtentry2.o(.ARM.Collect$$rtentry$$0000000D))
<BR><BR>[Stack]<UL><LI>Max Depth = 48 + Unknown Stack Size
<LI>Call Chain = __rt_entry_main &rArr; main &rArr; SysTick_Config &rArr; __NVIC_SetPriority
</UL>
<BR>[Calls]<UL><LI><a href="#[5e]">&gt;&gt;</a>&nbsp;&nbsp;&nbsp;exit
<LI><a href="#[5d]">&gt;&gt;</a>&nbsp;&nbsp;&nbsp;main
</UL>

<P><STRONG><a name="[8f]"></a>__rt_entry_postli_1</STRONG> (Thumb, 0 bytes, Stack size unknown bytes, __rtentry2.o(.ARM.Collect$$rtentry$$0000000C))

<P><STRONG><a name="[64]"></a>__rt_exit</STRONG> (Thumb, 0 bytes, Stack size unknown bytes, rtexit.o(.ARM.Collect$$rtexit$$00000000))
<BR><BR>[Called By]<UL><LI><a href="#[5e]">&gt;&gt;</a>&nbsp;&nbsp;&nbsp;exit
</UL>

<P><STRONG><a name="[5f]"></a>__rt_exit_ls</STRONG> (Thumb, 0 bytes, Stack size unknown bytes, rtexit2.o(.ARM.Collect$$rtexit$$00000003))
<BR><BR>[Calls]<UL><LI><a href="#[60]">&gt;&gt;</a>&nbsp;&nbsp;&nbsp;__rt_lib_shutdown
</UL>

<P><STRONG><a name="[90]"></a>__rt_exit_prels_1</STRONG> (Thumb, 0 bytes, Stack size unknown bytes, rtexit2.o(.ARM.Collect$$rtexit$$00000002))

<P><STRONG><a name="[61]"></a>__rt_exit_exit</STRONG> (Thumb, 0 bytes, Stack size unknown bytes, rtexit2.o(.ARM.Collect$$rtexit$$00000004))
<BR><BR>[Calls]<UL><LI><a href="#[62]">&gt;&gt;</a>&nbsp;&nbsp;&nbsp;_sys_exit
</UL>

<P><STRONG><a name="[0]"></a>Reset_Handler</STRONG> (Thumb, 8 bytes, Stack size 0 bytes, startup_k1921vk035.o(.text))
<BR>[Address Reference Count : 1]<UL><LI> startup_k1921vk035.o(RESET)
</UL>
<P><STRONG><a name="[1]"></a>NMI_Handler</STRONG> (Thumb, 2 bytes, Stack size 0 bytes, startup_k1921vk035.o(.text))
<BR><BR>[Calls]<UL><LI><a href="#[1]">&gt;&gt;</a>&nbsp;&nbsp;&nbsp;NMI_Handler
</UL>
<BR>[Called By]<UL><LI><a href="#[1]">&gt;&gt;</a>&nbsp;&nbsp;&nbsp;NMI_Handler
</UL>
<BR>[Address Reference Count : 1]<UL><LI> startup_k1921vk035.o(RESET)
</UL>
<P><STRONG><a name="[2]"></a>HardFault_Handler</STRONG> (Thumb, 2 bytes, Stack size 0 bytes, startup_k1921vk035.o(.text))
<BR><BR>[Calls]<UL><LI><a href="#[2]">&gt;&gt;</a>&nbsp;&nbsp;&nbsp;HardFault_Handler
</UL>
<BR>[Called By]<UL><LI><a href="#[2]">&gt;&gt;</a>&nbsp;&nbsp;&nbsp;HardFault_Handler
</UL>
<BR>[Address Reference Count : 1]<UL><LI> startup_k1921vk035.o(RESET)
</UL>
<P><STRONG><a name="[3]"></a>MemManage_Handler</STRONG> (Thumb, 2 bytes, Stack size 0 bytes, startup_k1921vk035.o(.text))
<BR><BR>[Calls]<UL><LI><a href="#[3]">&gt;&gt;</a>&nbsp;&nbsp;&nbsp;MemManage_Handler
</UL>
<BR>[Called By]<UL><LI><a href="#[3]">&gt;&gt;</a>&nbsp;&nbsp;&nbsp;MemManage_Handler
</UL>
<BR>[Address Reference Count : 1]<UL><LI> startup_k1921vk035.o(RESET)
</UL>
<P><STRONG><a name="[4]"></a>BusFault_Handler</STRONG> (Thumb, 2 bytes, Stack size 0 bytes, startup_k1921vk035.o(.text))
<BR><BR>[Calls]<UL><LI><a href="#[4]">&gt;&gt;</a>&nbsp;&nbsp;&nbsp;BusFault_Handler
</UL>
<BR>[Called By]<UL><LI><a href="#[4]">&gt;&gt;</a>&nbsp;&nbsp;&nbsp;BusFault_Handler
</UL>
<BR>[Address Reference Count : 1]<UL><LI> startup_k1921vk035.o(RESET)
</UL>
<P><STRONG><a name="[5]"></a>UsageFault_Handler</STRONG> (Thumb, 2 bytes, Stack size 0 bytes, startup_k1921vk035.o(.text))
<BR><BR>[Calls]<UL><LI><a href="#[5]">&gt;&gt;</a>&nbsp;&nbsp;&nbsp;UsageFault_Handler
</UL>
<BR>[Called By]<UL><LI><a href="#[5]">&gt;&gt;</a>&nbsp;&nbsp;&nbsp;UsageFault_Handler
</UL>
<BR>[Address Reference Count : 1]<UL><LI> startup_k1921vk035.o(RESET)
</UL>
<P><STRONG><a name="[6]"></a>SVC_Handler</STRONG> (Thumb, 2 bytes, Stack size 0 bytes, startup_k1921vk035.o(.text))
<BR><BR>[Calls]<UL><LI><a href="#[6]">&gt;&gt;</a>&nbsp;&nbsp;&nbsp;SVC_Handler
</UL>
<BR>[Called By]<UL><LI><a href="#[6]">&gt;&gt;</a>&nbsp;&nbsp;&nbsp;SVC_Handler
</UL>
<BR>[Address Reference Count : 1]<UL><LI> startup_k1921vk035.o(RESET)
</UL>
<P><STRONG><a name="[7]"></a>DebugMon_Handler</STRONG> (Thumb, 2 bytes, Stack size 0 bytes, startup_k1921vk035.o(.text))
<BR><BR>[Calls]<UL><LI><a href="#[7]">&gt;&gt;</a>&nbsp;&nbsp;&nbsp;DebugMon_Handler
</UL>
<BR>[Called By]<UL><LI><a href="#[7]">&gt;&gt;</a>&nbsp;&nbsp;&nbsp;DebugMon_Handler
</UL>
<BR>[Address Reference Count : 1]<UL><LI> startup_k1921vk035.o(RESET)
</UL>
<P><STRONG><a name="[8]"></a>PendSV_Handler</STRONG> (Thumb, 2 bytes, Stack size 0 bytes, startup_k1921vk035.o(.text))
<BR><BR>[Calls]<UL><LI><a href="#[8]">&gt;&gt;</a>&nbsp;&nbsp;&nbsp;PendSV_Handler
</UL>
<BR>[Called By]<UL><LI><a href="#[8]">&gt;&gt;</a>&nbsp;&nbsp;&nbsp;PendSV_Handler
</UL>
<BR>[Address Reference Count : 1]<UL><LI> startup_k1921vk035.o(RESET)
</UL>
<P><STRONG><a name="[3e]"></a>ADC_DC_IRQHandler</STRONG> (Thumb, 0 bytes, Stack size 0 bytes, startup_k1921vk035.o(.text))
<BR><BR>[Calls]<UL><LI><a href="#[3e]">&gt;&gt;</a>&nbsp;&nbsp;&nbsp;ADC_DC_IRQHandler
</UL>
<BR>[Called By]<UL><LI><a href="#[3e]">&gt;&gt;</a>&nbsp;&nbsp;&nbsp;ADC_DC_IRQHandler
</UL>
<BR>[Address Reference Count : 1]<UL><LI> startup_k1921vk035.o(RESET)
</UL>
<P><STRONG><a name="[3c]"></a>ADC_SEQ0_IRQHandler</STRONG> (Thumb, 0 bytes, Stack size 0 bytes, startup_k1921vk035.o(.text))
<BR>[Address Reference Count : 1]<UL><LI> startup_k1921vk035.o(RESET)
</UL>
<P><STRONG><a name="[3d]"></a>ADC_SEQ1_IRQHandler</STRONG> (Thumb, 0 bytes, Stack size 0 bytes, startup_k1921vk035.o(.text))
<BR>[Address Reference Count : 1]<UL><LI> startup_k1921vk035.o(RESET)
</UL>
<P><STRONG><a name="[3f]"></a>CAN0_IRQHandler</STRONG> (Thumb, 0 bytes, Stack size 0 bytes, startup_k1921vk035.o(.text))
<BR>[Address Reference Count : 1]<UL><LI> startup_k1921vk035.o(RESET)
</UL>
<P><STRONG><a name="[49]"></a>CAN10_IRQHandler</STRONG> (Thumb, 0 bytes, Stack size 0 bytes, startup_k1921vk035.o(.text))
<BR>[Address Reference Count : 1]<UL><LI> startup_k1921vk035.o(RESET)
</UL>
<P><STRONG><a name="[4a]"></a>CAN11_IRQHandler</STRONG> (Thumb, 0 bytes, Stack size 0 bytes, startup_k1921vk035.o(.text))
<BR>[Address Reference Count : 1]<UL><LI> startup_k1921vk035.o(RESET)
</UL>
<P><STRONG><a name="[4b]"></a>CAN12_IRQHandler</STRONG> (Thumb, 0 bytes, Stack size 0 bytes, startup_k1921vk035.o(.text))
<BR>[Address Reference Count : 1]<UL><LI> startup_k1921vk035.o(RESET)
</UL>
<P><STRONG><a name="[4c]"></a>CAN13_IRQHandler</STRONG> (Thumb, 0 bytes, Stack size 0 bytes, startup_k1921vk035.o(.text))
<BR>[Address Reference Count : 1]<UL><LI> startup_k1921vk035.o(RESET)
</UL>
<P><STRONG><a name="[4d]"></a>CAN14_IRQHandler</STRONG> (Thumb, 0 bytes, Stack size 0 bytes, startup_k1921vk035.o(.text))
<BR>[Address Reference Count : 1]<UL><LI> startup_k1921vk035.o(RESET)
</UL>
<P><STRONG><a name="[4e]"></a>CAN15_IRQHandler</STRONG> (Thumb, 0 bytes, Stack size 0 bytes, startup_k1921vk035.o(.text))
<BR>[Address Reference Count : 1]<UL><LI> startup_k1921vk035.o(RESET)
</UL>
<P><STRONG><a name="[40]"></a>CAN1_IRQHandler</STRONG> (Thumb, 0 bytes, Stack size 0 bytes, startup_k1921vk035.o(.text))
<BR>[Address Reference Count : 1]<UL><LI> startup_k1921vk035.o(RESET)
</UL>
<P><STRONG><a name="[41]"></a>CAN2_IRQHandler</STRONG> (Thumb, 0 bytes, Stack size 0 bytes, startup_k1921vk035.o(.text))
<BR>[Address Reference Count : 1]<UL><LI> startup_k1921vk035.o(RESET)
</UL>
<P><STRONG><a name="[42]"></a>CAN3_IRQHandler</STRONG> (Thumb, 0 bytes, Stack size 0 bytes, startup_k1921vk035.o(.text))
<BR>[Address Reference Count : 1]<UL><LI> startup_k1921vk035.o(RESET)
</UL>
<P><STRONG><a name="[43]"></a>CAN4_IRQHandler</STRONG> (Thumb, 0 bytes, Stack size 0 bytes, startup_k1921vk035.o(.text))
<BR>[Address Reference Count : 1]<UL><LI> startup_k1921vk035.o(RESET)
</UL>
<P><STRONG><a name="[44]"></a>CAN5_IRQHandler</STRONG> (Thumb, 0 bytes, Stack size 0 bytes, startup_k1921vk035.o(.text))
<BR>[Address Reference Count : 1]<UL><LI> startup_k1921vk035.o(RESET)
</UL>
<P><STRONG><a name="[45]"></a>CAN6_IRQHandler</STRONG> (Thumb, 0 bytes, Stack size 0 bytes, startup_k1921vk035.o(.text))
<BR>[Address Reference Count : 1]<UL><LI> startup_k1921vk035.o(RESET)
</UL>
<P><STRONG><a name="[46]"></a>CAN7_IRQHandler</STRONG> (Thumb, 0 bytes, Stack size 0 bytes, startup_k1921vk035.o(.text))
<BR>[Address Reference Count : 1]<UL><LI> startup_k1921vk035.o(RESET)
</UL>
<P><STRONG><a name="[47]"></a>CAN8_IRQHandler</STRONG> (Thumb, 0 bytes, Stack size 0 bytes, startup_k1921vk035.o(.text))
<BR>[Address Reference Count : 1]<UL><LI> startup_k1921vk035.o(RESET)
</UL>
<P><STRONG><a name="[48]"></a>CAN9_IRQHandler</STRONG> (Thumb, 0 bytes, Stack size 0 bytes, startup_k1921vk035.o(.text))
<BR>[Address Reference Count : 1]<UL><LI> startup_k1921vk035.o(RESET)
</UL>
<P><STRONG><a name="[f]"></a>DMA_CH0_IRQHandler</STRONG> (Thumb, 0 bytes, Stack size 0 bytes, startup_k1921vk035.o(.text))
<BR>[Address Reference Count : 1]<UL><LI> startup_k1921vk035.o(RESET)
</UL>
<P><STRONG><a name="[19]"></a>DMA_CH10_IRQHandler</STRONG> (Thumb, 0 bytes, Stack size 0 bytes, startup_k1921vk035.o(.text))
<BR>[Address Reference Count : 1]<UL><LI> startup_k1921vk035.o(RESET)
</UL>
<P><STRONG><a name="[1a]"></a>DMA_CH11_IRQHandler</STRONG> (Thumb, 0 bytes, Stack size 0 bytes, startup_k1921vk035.o(.text))
<BR>[Address Reference Count : 1]<UL><LI> startup_k1921vk035.o(RESET)
</UL>
<P><STRONG><a name="[1b]"></a>DMA_CH12_IRQHandler</STRONG> (Thumb, 0 bytes, Stack size 0 bytes, startup_k1921vk035.o(.text))
<BR>[Address Reference Count : 1]<UL><LI> startup_k1921vk035.o(RESET)
</UL>
<P><STRONG><a name="[1c]"></a>DMA_CH13_IRQHandler</STRONG> (Thumb, 0 bytes, Stack size 0 bytes, startup_k1921vk035.o(.text))
<BR>[Address Reference Count : 1]<UL><LI> startup_k1921vk035.o(RESET)
</UL>
<P><STRONG><a name="[1d]"></a>DMA_CH14_IRQHandler</STRONG> (Thumb, 0 bytes, Stack size 0 bytes, startup_k1921vk035.o(.text))
<BR>[Address Reference Count : 1]<UL><LI> startup_k1921vk035.o(RESET)
</UL>
<P><STRONG><a name="[1e]"></a>DMA_CH15_IRQHandler</STRONG> (Thumb, 0 bytes, Stack size 0 bytes, startup_k1921vk035.o(.text))
<BR>[Address Reference Count : 1]<UL><LI> startup_k1921vk035.o(RESET)
</UL>
<P><STRONG><a name="[10]"></a>DMA_CH1_IRQHandler</STRONG> (Thumb, 0 bytes, Stack size 0 bytes, startup_k1921vk035.o(.text))
<BR>[Address Reference Count : 1]<UL><LI> startup_k1921vk035.o(RESET)
</UL>
<P><STRONG><a name="[11]"></a>DMA_CH2_IRQHandler</STRONG> (Thumb, 0 bytes, Stack size 0 bytes, startup_k1921vk035.o(.text))
<BR>[Address Reference Count : 1]<UL><LI> startup_k1921vk035.o(RESET)
</UL>
<P><STRONG><a name="[12]"></a>DMA_CH3_IRQHandler</STRONG> (Thumb, 0 bytes, Stack size 0 bytes, startup_k1921vk035.o(.text))
<BR>[Address Reference Count : 1]<UL><LI> startup_k1921vk035.o(RESET)
</UL>
<P><STRONG><a name="[13]"></a>DMA_CH4_IRQHandler</STRONG> (Thumb, 0 bytes, Stack size 0 bytes, startup_k1921vk035.o(.text))
<BR>[Address Reference Count : 1]<UL><LI> startup_k1921vk035.o(RESET)
</UL>
<P><STRONG><a name="[14]"></a>DMA_CH5_IRQHandler</STRONG> (Thumb, 0 bytes, Stack size 0 bytes, startup_k1921vk035.o(.text))
<BR>[Address Reference Count : 1]<UL><LI> startup_k1921vk035.o(RESET)
</UL>
<P><STRONG><a name="[15]"></a>DMA_CH6_IRQHandler</STRONG> (Thumb, 0 bytes, Stack size 0 bytes, startup_k1921vk035.o(.text))
<BR>[Address Reference Count : 1]<UL><LI> startup_k1921vk035.o(RESET)
</UL>
<P><STRONG><a name="[16]"></a>DMA_CH7_IRQHandler</STRONG> (Thumb, 0 bytes, Stack size 0 bytes, startup_k1921vk035.o(.text))
<BR>[Address Reference Count : 1]<UL><LI> startup_k1921vk035.o(RESET)
</UL>
<P><STRONG><a name="[17]"></a>DMA_CH8_IRQHandler</STRONG> (Thumb, 0 bytes, Stack size 0 bytes, startup_k1921vk035.o(.text))
<BR>[Address Reference Count : 1]<UL><LI> startup_k1921vk035.o(RESET)
</UL>
<P><STRONG><a name="[18]"></a>DMA_CH9_IRQHandler</STRONG> (Thumb, 0 bytes, Stack size 0 bytes, startup_k1921vk035.o(.text))
<BR>[Address Reference Count : 1]<UL><LI> startup_k1921vk035.o(RESET)
</UL>
<P><STRONG><a name="[2f]"></a>ECAP0_IRQHandler</STRONG> (Thumb, 0 bytes, Stack size 0 bytes, startup_k1921vk035.o(.text))
<BR>[Address Reference Count : 1]<UL><LI> startup_k1921vk035.o(RESET)
</UL>
<P><STRONG><a name="[30]"></a>ECAP1_IRQHandler</STRONG> (Thumb, 0 bytes, Stack size 0 bytes, startup_k1921vk035.o(.text))
<BR>[Address Reference Count : 1]<UL><LI> startup_k1921vk035.o(RESET)
</UL>
<P><STRONG><a name="[31]"></a>ECAP2_IRQHandler</STRONG> (Thumb, 0 bytes, Stack size 0 bytes, startup_k1921vk035.o(.text))
<BR>[Address Reference Count : 1]<UL><LI> startup_k1921vk035.o(RESET)
</UL>
<P><STRONG><a name="[4f]"></a>FPU_IRQHandler</STRONG> (Thumb, 0 bytes, Stack size 0 bytes, startup_k1921vk035.o(.text))
<BR>[Address Reference Count : 1]<UL><LI> startup_k1921vk035.o(RESET)
</UL>
<P><STRONG><a name="[e]"></a>GPIOB_IRQHandler</STRONG> (Thumb, 0 bytes, Stack size 0 bytes, startup_k1921vk035.o(.text))
<BR>[Address Reference Count : 1]<UL><LI> startup_k1921vk035.o(RESET)
</UL>
<P><STRONG><a name="[2e]"></a>I2C_IRQHandler</STRONG> (Thumb, 0 bytes, Stack size 0 bytes, startup_k1921vk035.o(.text))
<BR>[Address Reference Count : 1]<UL><LI> startup_k1921vk035.o(RESET)
</UL>
<P><STRONG><a name="[c]"></a>MFLASH_IRQHandler</STRONG> (Thumb, 0 bytes, Stack size 0 bytes, startup_k1921vk035.o(.text))
<BR>[Address Reference Count : 1]<UL><LI> startup_k1921vk035.o(RESET)
</UL>
<P><STRONG><a name="[33]"></a>PWM0_HD_IRQHandler</STRONG> (Thumb, 0 bytes, Stack size 0 bytes, startup_k1921vk035.o(.text))
<BR>[Address Reference Count : 1]<UL><LI> startup_k1921vk035.o(RESET)
</UL>
<P><STRONG><a name="[32]"></a>PWM0_IRQHandler</STRONG> (Thumb, 0 bytes, Stack size 0 bytes, startup_k1921vk035.o(.text))
<BR>[Address Reference Count : 1]<UL><LI> startup_k1921vk035.o(RESET)
</UL>
<P><STRONG><a name="[34]"></a>PWM0_TZ_IRQHandler</STRONG> (Thumb, 0 bytes, Stack size 0 bytes, startup_k1921vk035.o(.text))
<BR>[Address Reference Count : 1]<UL><LI> startup_k1921vk035.o(RESET)
</UL>
<P><STRONG><a name="[36]"></a>PWM1_HD_IRQHandler</STRONG> (Thumb, 0 bytes, Stack size 0 bytes, startup_k1921vk035.o(.text))
<BR>[Address Reference Count : 1]<UL><LI> startup_k1921vk035.o(RESET)
</UL>
<P><STRONG><a name="[35]"></a>PWM1_IRQHandler</STRONG> (Thumb, 0 bytes, Stack size 0 bytes, startup_k1921vk035.o(.text))
<BR>[Address Reference Count : 1]<UL><LI> startup_k1921vk035.o(RESET)
</UL>
<P><STRONG><a name="[37]"></a>PWM1_TZ_IRQHandler</STRONG> (Thumb, 0 bytes, Stack size 0 bytes, startup_k1921vk035.o(.text))
<BR>[Address Reference Count : 1]<UL><LI> startup_k1921vk035.o(RESET)
</UL>
<P><STRONG><a name="[39]"></a>PWM2_HD_IRQHandler</STRONG> (Thumb, 0 bytes, Stack size 0 bytes, startup_k1921vk035.o(.text))
<BR>[Address Reference Count : 1]<UL><LI> startup_k1921vk035.o(RESET)
</UL>
<P><STRONG><a name="[38]"></a>PWM2_IRQHandler</STRONG> (Thumb, 0 bytes, Stack size 0 bytes, startup_k1921vk035.o(.text))
<BR>[Address Reference Count : 1]<UL><LI> startup_k1921vk035.o(RESET)
</UL>
<P><STRONG><a name="[3a]"></a>PWM2_TZ_IRQHandler</STRONG> (Thumb, 0 bytes, Stack size 0 bytes, startup_k1921vk035.o(.text))
<BR>[Address Reference Count : 1]<UL><LI> startup_k1921vk035.o(RESET)
</UL>
<P><STRONG><a name="[3b]"></a>QEP_IRQHandler</STRONG> (Thumb, 0 bytes, Stack size 0 bytes, startup_k1921vk035.o(.text))
<BR>[Address Reference Count : 1]<UL><LI> startup_k1921vk035.o(RESET)
</UL>
<P><STRONG><a name="[b]"></a>RCU_IRQHandler</STRONG> (Thumb, 0 bytes, Stack size 0 bytes, startup_k1921vk035.o(.text))
<BR>[Address Reference Count : 1]<UL><LI> startup_k1921vk035.o(RESET)
</UL>
<P><STRONG><a name="[2b]"></a>SPI_IRQHandler</STRONG> (Thumb, 0 bytes, Stack size 0 bytes, startup_k1921vk035.o(.text))
<BR>[Address Reference Count : 1]<UL><LI> startup_k1921vk035.o(RESET)
</UL>
<P><STRONG><a name="[2c]"></a>SPI_RX_IRQHandler</STRONG> (Thumb, 0 bytes, Stack size 0 bytes, startup_k1921vk035.o(.text))
<BR>[Address Reference Count : 1]<UL><LI> startup_k1921vk035.o(RESET)
</UL>
<P><STRONG><a name="[2d]"></a>SPI_TX_IRQHandler</STRONG> (Thumb, 0 bytes, Stack size 0 bytes, startup_k1921vk035.o(.text))
<BR>[Address Reference Count : 1]<UL><LI> startup_k1921vk035.o(RESET)
</UL>
<P><STRONG><a name="[1f]"></a>TMR0_IRQHandler</STRONG> (Thumb, 0 bytes, Stack size 0 bytes, startup_k1921vk035.o(.text))
<BR>[Address Reference Count : 1]<UL><LI> startup_k1921vk035.o(RESET)
</UL>
<P><STRONG><a name="[20]"></a>TMR1_IRQHandler</STRONG> (Thumb, 0 bytes, Stack size 0 bytes, startup_k1921vk035.o(.text))
<BR>[Address Reference Count : 1]<UL><LI> startup_k1921vk035.o(RESET)
</UL>
<P><STRONG><a name="[21]"></a>TMR2_IRQHandler</STRONG> (Thumb, 0 bytes, Stack size 0 bytes, startup_k1921vk035.o(.text))
<BR>[Address Reference Count : 1]<UL><LI> startup_k1921vk035.o(RESET)
</UL>
<P><STRONG><a name="[22]"></a>TMR3_IRQHandler</STRONG> (Thumb, 0 bytes, Stack size 0 bytes, startup_k1921vk035.o(.text))
<BR>[Address Reference Count : 1]<UL><LI> startup_k1921vk035.o(RESET)
</UL>
<P><STRONG><a name="[26]"></a>UART0_IRQHandler</STRONG> (Thumb, 0 bytes, Stack size 0 bytes, startup_k1921vk035.o(.text))
<BR>[Address Reference Count : 1]<UL><LI> startup_k1921vk035.o(RESET)
</UL>
<P><STRONG><a name="[24]"></a>UART0_RX_IRQHandler</STRONG> (Thumb, 0 bytes, Stack size 0 bytes, startup_k1921vk035.o(.text))
<BR>[Address Reference Count : 1]<UL><LI> startup_k1921vk035.o(RESET)
</UL>
<P><STRONG><a name="[23]"></a>UART0_TD_IRQHandler</STRONG> (Thumb, 0 bytes, Stack size 0 bytes, startup_k1921vk035.o(.text))
<BR>[Address Reference Count : 1]<UL><LI> startup_k1921vk035.o(RESET)
</UL>
<P><STRONG><a name="[25]"></a>UART0_TX_IRQHandler</STRONG> (Thumb, 0 bytes, Stack size 0 bytes, startup_k1921vk035.o(.text))
<BR>[Address Reference Count : 1]<UL><LI> startup_k1921vk035.o(RESET)
</UL>
<P><STRONG><a name="[2a]"></a>UART1_IRQHandler</STRONG> (Thumb, 0 bytes, Stack size 0 bytes, startup_k1921vk035.o(.text))
<BR>[Address Reference Count : 1]<UL><LI> startup_k1921vk035.o(RESET)
</UL>
<P><STRONG><a name="[28]"></a>UART1_RX_IRQHandler</STRONG> (Thumb, 0 bytes, Stack size 0 bytes, startup_k1921vk035.o(.text))
<BR>[Address Reference Count : 1]<UL><LI> startup_k1921vk035.o(RESET)
</UL>
<P><STRONG><a name="[27]"></a>UART1_TD_IRQHandler</STRONG> (Thumb, 0 bytes, Stack size 0 bytes, startup_k1921vk035.o(.text))
<BR>[Address Reference Count : 1]<UL><LI> startup_k1921vk035.o(RESET)
</UL>
<P><STRONG><a name="[29]"></a>UART1_TX_IRQHandler</STRONG> (Thumb, 0 bytes, Stack size 0 bytes, startup_k1921vk035.o(.text))
<BR>[Address Reference Count : 1]<UL><LI> startup_k1921vk035.o(RESET)
</UL>
<P><STRONG><a name="[a]"></a>WDT_IRQHandler</STRONG> (Thumb, 0 bytes, Stack size 0 bytes, startup_k1921vk035.o(.text))
<BR>[Address Reference Count : 1]<UL><LI> startup_k1921vk035.o(RESET)
</UL>
<P><STRONG><a name="[52]"></a>__user_initial_stackheap</STRONG> (Thumb, 0 bytes, Stack size unknown bytes, startup_k1921vk035.o(.text))
<BR><BR>[Called By]<UL><LI><a href="#[59]">&gt;&gt;</a>&nbsp;&nbsp;&nbsp;__user_setup_stackheap
</UL>

<P><STRONG><a name="[91]"></a>__use_two_region_memory</STRONG> (Thumb, 2 bytes, Stack size 0 bytes, heapauxi.o(.text), UNUSED)

<P><STRONG><a name="[92]"></a>__rt_heap_escrow$2region</STRONG> (Thumb, 2 bytes, Stack size 0 bytes, heapauxi.o(.text), UNUSED)

<P><STRONG><a name="[93]"></a>__rt_heap_expand$2region</STRONG> (Thumb, 2 bytes, Stack size 0 bytes, heapauxi.o(.text), UNUSED)

<P><STRONG><a name="[59]"></a>__user_setup_stackheap</STRONG> (Thumb, 74 bytes, Stack size 8 bytes, sys_stackheap_outer.o(.text))
<BR><BR>[Stack]<UL><LI>Max Depth = 8 + Unknown Stack Size
<LI>Call Chain = __user_setup_stackheap
</UL>
<BR>[Calls]<UL><LI><a href="#[63]">&gt;&gt;</a>&nbsp;&nbsp;&nbsp;__user_perproc_libspace
<LI><a href="#[52]">&gt;&gt;</a>&nbsp;&nbsp;&nbsp;__user_initial_stackheap
</UL>
<BR>[Called By]<UL><LI><a href="#[58]">&gt;&gt;</a>&nbsp;&nbsp;&nbsp;__rt_entry_sh
</UL>

<P><STRONG><a name="[5e]"></a>exit</STRONG> (Thumb, 18 bytes, Stack size 8 bytes, exit.o(.text))
<BR><BR>[Stack]<UL><LI>Max Depth = 8 + Unknown Stack Size
<LI>Call Chain = exit
</UL>
<BR>[Calls]<UL><LI><a href="#[64]">&gt;&gt;</a>&nbsp;&nbsp;&nbsp;__rt_exit
</UL>
<BR>[Called By]<UL><LI><a href="#[5c]">&gt;&gt;</a>&nbsp;&nbsp;&nbsp;__rt_entry_main
</UL>

<P><STRONG><a name="[94]"></a>__user_libspace</STRONG> (Thumb, 8 bytes, Stack size 0 bytes, libspace.o(.text), UNUSED)

<P><STRONG><a name="[63]"></a>__user_perproc_libspace</STRONG> (Thumb, 0 bytes, Stack size 0 bytes, libspace.o(.text))
<BR><BR>[Called By]<UL><LI><a href="#[59]">&gt;&gt;</a>&nbsp;&nbsp;&nbsp;__user_setup_stackheap
</UL>

<P><STRONG><a name="[95]"></a>__user_perthread_libspace</STRONG> (Thumb, 0 bytes, Stack size 0 bytes, libspace.o(.text), UNUSED)

<P><STRONG><a name="[62]"></a>_sys_exit</STRONG> (Thumb, 8 bytes, Stack size 0 bytes, sys_exit.o(.text))
<BR><BR>[Called By]<UL><LI><a href="#[61]">&gt;&gt;</a>&nbsp;&nbsp;&nbsp;__rt_exit_exit
</UL>

<P><STRONG><a name="[96]"></a>__I$use$semihosting</STRONG> (Thumb, 0 bytes, Stack size 0 bytes, use_no_semi.o(.text), UNUSED)

<P><STRONG><a name="[97]"></a>__use_no_semihosting_swi</STRONG> (Thumb, 2 bytes, Stack size 0 bytes, use_no_semi.o(.text), UNUSED)

<P><STRONG><a name="[98]"></a>__semihosting_library_function</STRONG> (Thumb, 0 bytes, Stack size unknown bytes, indicate_semi.o(.text), UNUSED)

<P><STRONG><a name="[6a]"></a>ClkInit</STRONG> (Thumb, 324 bytes, Stack size 16 bytes, system_k1921vk035.o(.text.ClkInit))
<BR><BR>[Stack]<UL><LI>Max Depth = 16<LI>Call Chain = ClkInit
</UL>
<BR>[Called By]<UL><LI><a href="#[50]">&gt;&gt;</a>&nbsp;&nbsp;&nbsp;SystemInit
</UL>

<P><STRONG><a name="[6b]"></a>FPUInit</STRONG> (Thumb, 24 bytes, Stack size 0 bytes, system_k1921vk035.o(.text.FPUInit))
<BR><BR>[Called By]<UL><LI><a href="#[50]">&gt;&gt;</a>&nbsp;&nbsp;&nbsp;SystemInit
</UL>

<P><STRONG><a name="[d]"></a>GPIOA_IRQHandler</STRONG> (Thumb, 8 bytes, Stack size 8 bytes, main.o(.text.GPIOA_IRQHandler))
<BR><BR>[Stack]<UL><LI>Max Depth = 8<LI>Call Chain = GPIOA_IRQHandler
</UL>
<BR>[Calls]<UL><LI><a href="#[67]">&gt;&gt;</a>&nbsp;&nbsp;&nbsp;Led_Pin_Toggle
</UL>
<BR>[Address Reference Count : 1]<UL><LI> startup_k1921vk035.o(RESET)
</UL>
<P><STRONG><a name="[67]"></a>Led_Pin_Toggle</STRONG> (Thumb, 16 bytes, Stack size 0 bytes, main.o(.text.Led_Pin_Toggle))
<BR><BR>[Called By]<UL><LI><a href="#[d]">&gt;&gt;</a>&nbsp;&nbsp;&nbsp;GPIOA_IRQHandler
</UL>

<P><STRONG><a name="[9]"></a>SysTick_Handler</STRONG> (Thumb, 2 bytes, Stack size 0 bytes, main.o(.text.SysTick_Handler))
<BR>[Address Reference Count : 1]<UL><LI> startup_k1921vk035.o(RESET)
</UL>
<P><STRONG><a name="[6c]"></a>SystemCoreClockUpdate</STRONG> (Thumb, 204 bytes, Stack size 28 bytes, system_k1921vk035.o(.text.SystemCoreClockUpdate))
<BR><BR>[Stack]<UL><LI>Max Depth = 28<LI>Call Chain = SystemCoreClockUpdate
</UL>
<BR>[Called By]<UL><LI><a href="#[5d]">&gt;&gt;</a>&nbsp;&nbsp;&nbsp;main
</UL>

<P><STRONG><a name="[50]"></a>SystemInit</STRONG> (Thumb, 12 bytes, Stack size 8 bytes, system_k1921vk035.o(.text.SystemInit))
<BR><BR>[Stack]<UL><LI>Max Depth = 24<LI>Call Chain = SystemInit &rArr; ClkInit
</UL>
<BR>[Calls]<UL><LI><a href="#[6b]">&gt;&gt;</a>&nbsp;&nbsp;&nbsp;FPUInit
<LI><a href="#[6a]">&gt;&gt;</a>&nbsp;&nbsp;&nbsp;ClkInit
</UL>
<BR>[Address Reference Count : 1]<UL><LI> startup_k1921vk035.o(.text)
</UL>
<P><STRONG><a name="[5d]"></a>main</STRONG> (Thumb, 36 bytes, Stack size 16 bytes, main.o(.text.main))
<BR><BR>[Stack]<UL><LI>Max Depth = 48<LI>Call Chain = main &rArr; SysTick_Config &rArr; __NVIC_SetPriority
</UL>
<BR>[Calls]<UL><LI><a href="#[68]">&gt;&gt;</a>&nbsp;&nbsp;&nbsp;SysTick_Config
<LI><a href="#[65]">&gt;&gt;</a>&nbsp;&nbsp;&nbsp;Button_Init
<LI><a href="#[6d]">&gt;&gt;</a>&nbsp;&nbsp;&nbsp;Led_Pin_Init
<LI><a href="#[6c]">&gt;&gt;</a>&nbsp;&nbsp;&nbsp;SystemCoreClockUpdate
</UL>
<BR>[Called By]<UL><LI><a href="#[5c]">&gt;&gt;</a>&nbsp;&nbsp;&nbsp;__rt_entry_main
</UL>

<P><STRONG><a name="[57]"></a>_fp_init</STRONG> (Thumb, 26 bytes, Stack size 0 bytes, fpinit.o(x$fpl$fpinit))
<BR><BR>[Called By]<UL><LI><a href="#[56]">&gt;&gt;</a>&nbsp;&nbsp;&nbsp;__rt_lib_init_fp_1
</UL>

<P><STRONG><a name="[99]"></a>__fplib_config_fpu_vfp</STRONG> (Thumb, 0 bytes, Stack size unknown bytes, fpinit.o(x$fpl$fpinit), UNUSED)

<P><STRONG><a name="[9a]"></a>__fplib_config_pureend_doubles</STRONG> (Thumb, 0 bytes, Stack size unknown bytes, fpinit.o(x$fpl$fpinit), UNUSED)
<P>
<H3>
Local Symbols
</H3>
<P><STRONG><a name="[6d]"></a>Led_Pin_Init</STRONG> (Thumb, 62 bytes, Stack size 0 bytes, main.o(.text.Led_Pin_Init))
<BR><BR>[Called By]<UL><LI><a href="#[5d]">&gt;&gt;</a>&nbsp;&nbsp;&nbsp;main
</UL>

<P><STRONG><a name="[65]"></a>Button_Init</STRONG> (Thumb, 98 bytes, Stack size 8 bytes, main.o(.text.Button_Init))
<BR><BR>[Stack]<UL><LI>Max Depth = 12<LI>Call Chain = Button_Init &rArr; __NVIC_EnableIRQ
</UL>
<BR>[Calls]<UL><LI><a href="#[66]">&gt;&gt;</a>&nbsp;&nbsp;&nbsp;__NVIC_EnableIRQ
</UL>
<BR>[Called By]<UL><LI><a href="#[5d]">&gt;&gt;</a>&nbsp;&nbsp;&nbsp;main
</UL>

<P><STRONG><a name="[68]"></a>SysTick_Config</STRONG> (Thumb, 84 bytes, Stack size 24 bytes, main.o(.text.SysTick_Config))
<BR><BR>[Stack]<UL><LI>Max Depth = 32<LI>Call Chain = SysTick_Config &rArr; __NVIC_SetPriority
</UL>
<BR>[Calls]<UL><LI><a href="#[69]">&gt;&gt;</a>&nbsp;&nbsp;&nbsp;__NVIC_SetPriority
</UL>
<BR>[Called By]<UL><LI><a href="#[5d]">&gt;&gt;</a>&nbsp;&nbsp;&nbsp;main
</UL>

<P><STRONG><a name="[66]"></a>__NVIC_EnableIRQ</STRONG> (Thumb, 48 bytes, Stack size 4 bytes, main.o(.text.__NVIC_EnableIRQ))
<BR><BR>[Stack]<UL><LI>Max Depth = 4<LI>Call Chain = __NVIC_EnableIRQ
</UL>
<BR>[Called By]<UL><LI><a href="#[65]">&gt;&gt;</a>&nbsp;&nbsp;&nbsp;Button_Init
</UL>

<P><STRONG><a name="[69]"></a>__NVIC_SetPriority</STRONG> (Thumb, 66 bytes, Stack size 8 bytes, main.o(.text.__NVIC_SetPriority))
<BR><BR>[Stack]<UL><LI>Max Depth = 8<LI>Call Chain = __NVIC_SetPriority
</UL>
<BR>[Called By]<UL><LI><a href="#[68]">&gt;&gt;</a>&nbsp;&nbsp;&nbsp;SysTick_Config
</UL>
<P>
<H3>
Undefined Global Symbols
</H3><HR></body></html>
